{"level":"INFO","time":"2026-07-23T10:54:41.758+0800","logger":"nacos","caller":"naming_client/naming_client.go:83","msg":"logDir:</Users/oz/code/ringkol/ai-rag-demo/cmd/server/log>   cacheDir:</Users/oz/code/ringkol/ai-rag-demo/cmd/server/cache>"}
{"level":"INFO","time":"2026-07-23T10:54:41.758+0800","logger":"nacos","caller":"logger/logging.go:41","msg":"udp server start, port: 55618"}
{"level":"ERROR","time":"2026-07-23T10:54:41.758+0800","logger":"nacos","caller":"logger/logging.go:51","msg":"read cacheDir:/Users/oz/code/ringkol/ai-rag-demo/cmd/server/cache/naming failed!err:open /Users/oz/code/ringkol/ai-rag-demo/cmd/server/cache/naming: no such file or directory"}
{"level":"INFO","time":"2026-07-23T10:54:41.758+0800","logger":"nacos","caller":"config_client/config_client.go:112","msg":"logDir:</Users/oz/code/ringkol/ai-rag-demo/cmd/server/log>   cacheDir:</Users/oz/code/ringkol/ai-rag-demo/cmd/server/cache>"}
{"level":"ERROR","time":"2026-07-23T10:54:43.944+0800","logger":"nacos","caller":"logger/logging.go:51","msg":"api</v1/cs/configs>,method:<GET>, params:<{\"dataId\":\"active.zh-cn.toml\",\"group\":\"AI_RAG_DEMO_API_GROUP\"}>, call domain error:<Get \"http://nacos-dev.ai-rag-demo.com:80/nacos/v1/cs/configs?dataId=active.zh-cn.toml&group=AI_RAG_DEMO_API_GROUP\": EOF> , result:<>"}
{"level":"ERROR","time":"2026-07-23T10:54:47.530+0800","logger":"nacos","caller":"logger/logging.go:51","msg":"api</v1/cs/configs>,method:<GET>, params:<{\"dataId\":\"active.zh-cn.toml\",\"group\":\"AI_RAG_DEMO_API_GROUP\"}>, call domain error:<Get \"http://nacos-dev.ai-rag-demo.com:80/nacos/v1/cs/configs?group=AI_RAG_DEMO_API_GROUP&dataId=active.zh-cn.toml\": EOF> , result:<>"}
{"level":"ERROR","time":"2026-07-23T10:54:49.655+0800","logger":"nacos","caller":"logger/logging.go:51","msg":"api</v1/cs/configs>,method:<GET>, params:<{\"dataId\":\"active.zh-cn.toml\",\"group\":\"AI_RAG_DEMO_API_GROUP\"}>, call domain error:<Get \"http://nacos-dev.ai-rag-demo.com:80/nacos/v1/cs/configs?dataId=active.zh-cn.toml&group=AI_RAG_DEMO_API_GROUP\": EOF> , result:<>"}
{"level":"ERROR","time":"2026-07-23T10:54:49.655+0800","logger":"nacos","caller":"logger/logging.go:51","msg":"get config from server error:Get \"http://nacos-dev.ai-rag-demo.com:80/nacos/v1/cs/configs?dataId=active.zh-cn.toml&group=AI_RAG_DEMO_API_GROUP\": EOF "}
{"level":"ERROR","time":"2026-07-23T10:54:49.656+0800","logger":"nacos","caller":"logger/logging.go:51","msg":"get config from cache  error:failed to read config cache file:/Users/oz/code/ringkol/ai-rag-demo/cmd/server/cache/config/active.zh-cn.toml@@AI_RAG_DEMO_API_GROUP@@,err:open /Users/oz/code/ringkol/ai-rag-demo/cmd/server/cache/config/active.zh-cn.toml@@AI_RAG_DEMO_API_GROUP@@: no such file or directory  "}
{"level":"INFO","time":"2026-07-23T10:55:52.944+0800","logger":"nacos","caller":"naming_client/naming_client.go:83","msg":"logDir:</Users/oz/code/ringkol/ai-rag-demo/cmd/server/log>   cacheDir:</Users/oz/code/ringkol/ai-rag-demo/cmd/server/cache>"}
{"level":"INFO","time":"2026-07-23T10:55:52.945+0800","logger":"nacos","caller":"logger/logging.go:41","msg":"udp server start, port: 55678"}
{"level":"ERROR","time":"2026-07-23T10:55:52.945+0800","logger":"nacos","caller":"logger/logging.go:51","msg":"read cacheDir:/Users/oz/code/ringkol/ai-rag-demo/cmd/server/cache/naming failed!err:open /Users/oz/code/ringkol/ai-rag-demo/cmd/server/cache/naming: no such file or directory"}
{"level":"INFO","time":"2026-07-23T10:55:52.945+0800","logger":"nacos","caller":"config_client/config_client.go:112","msg":"logDir:</Users/oz/code/ringkol/ai-rag-demo/cmd/server/log>   cacheDir:</Users/oz/code/ringkol/ai-rag-demo/cmd/server/cache>"}
{"level":"ERROR","time":"2026-07-23T10:56:12.514+0800","logger":"nacos","caller":"logger/logging.go:51","msg":"api</v1/cs/configs>,method:<GET>, params:<{\"dataId\":\"active.zh-cn.toml\",\"group\":\"AI_RAG_DEMO_API_GROUP\"}>, call domain error:<Get \"http://nacos-dev.ai-rag-demo.com:80/nacos/v1/cs/configs?group=AI_RAG_DEMO_API_GROUP&dataId=active.zh-cn.toml\": EOF> , result:<>"}
{"level":"ERROR","time":"2026-07-23T10:56:12.662+0800","logger":"nacos","caller":"logger/logging.go:51","msg":"api</v1/cs/configs>,method:<GET>, params:<{\"dataId\":\"active.zh-cn.toml\",\"group\":\"AI_RAG_DEMO_API_GROUP\"}>, call domain error:<Get \"http://nacos-dev.ai-rag-demo.com:80/nacos/v1/cs/configs?dataId=active.zh-cn.toml&group=AI_RAG_DEMO_API_GROUP\": EOF> , result:<>"}
{"level":"ERROR","time":"2026-07-23T10:56:12.809+0800","logger":"nacos","caller":"logger/logging.go:51","msg":"api</v1/cs/configs>,method:<GET>, params:<{\"dataId\":\"active.zh-cn.toml\",\"group\":\"AI_RAG_DEMO_API_GROUP\"}>, call domain error:<Get \"http://nacos-dev.ai-rag-demo.com:80/nacos/v1/cs/configs?dataId=active.zh-cn.toml&group=AI_RAG_DEMO_API_GROUP\": EOF> , result:<>"}
{"level":"ERROR","time":"2026-07-23T10:56:12.809+0800","logger":"nacos","caller":"logger/logging.go:51","msg":"get config from server error:Get \"http://nacos-dev.ai-rag-demo.com:80/nacos/v1/cs/configs?dataId=active.zh-cn.toml&group=AI_RAG_DEMO_API_GROUP\": EOF "}
{"level":"ERROR","time":"2026-07-23T10:56:12.809+0800","logger":"nacos","caller":"logger/logging.go:51","msg":"get config from cache  error:failed to read config cache file:/Users/oz/code/ringkol/ai-rag-demo/cmd/server/cache/config/active.zh-cn.toml@@AI_RAG_DEMO_API_GROUP@@,err:open /Users/oz/code/ringkol/ai-rag-demo/cmd/server/cache/config/active.zh-cn.toml@@AI_RAG_DEMO_API_GROUP@@: no such file or directory  "}
{"level":"INFO","time":"2026-07-23T10:57:55.737+0800","logger":"nacos","caller":"naming_client/naming_client.go:83","msg":"logDir:</Users/oz/code/ringkol/ai-rag-demo/cmd/server/log>   cacheDir:</Users/oz/code/ringkol/ai-rag-demo/cmd/server/cache>"}
{"level":"INFO","time":"2026-07-23T10:57:55.738+0800","logger":"nacos","caller":"logger/logging.go:41","msg":"udp server start, port: 55154"}
{"level":"ERROR","time":"2026-07-23T10:57:55.738+0800","logger":"nacos","caller":"logger/logging.go:51","msg":"read cacheDir:/Users/oz/code/ringkol/ai-rag-demo/cmd/server/cache/naming failed!err:open /Users/oz/code/ringkol/ai-rag-demo/cmd/server/cache/naming: no such file or directory"}
{"level":"INFO","time":"2026-07-23T10:57:55.738+0800","logger":"nacos","caller":"config_client/config_client.go:112","msg":"logDir:</Users/oz/code/ringkol/ai-rag-demo/cmd/server/log>   cacheDir:</Users/oz/code/ringkol/ai-rag-demo/cmd/server/cache>"}
{"level":"INFO","time":"2026-07-23T11:00:41.931+0800","logger":"nacos","caller":"naming_client/naming_client.go:83","msg":"logDir:</Users/oz/code/ringkol/ai-rag-demo/cmd/server/log>   cacheDir:</Users/oz/code/ringkol/ai-rag-demo/cmd/server/cache>"}
{"level":"INFO","time":"2026-07-23T11:00:41.931+0800","logger":"nacos","caller":"logger/logging.go:41","msg":"udp server start, port: 54984"}
{"level":"ERROR","time":"2026-07-23T11:00:41.931+0800","logger":"nacos","caller":"logger/logging.go:51","msg":"read cacheDir:/Users/oz/code/ringkol/ai-rag-demo/cmd/server/cache/naming failed!err:open /Users/oz/code/ringkol/ai-rag-demo/cmd/server/cache/naming: no such file or directory"}
{"level":"INFO","time":"2026-07-23T11:00:41.931+0800","logger":"nacos","caller":"config_client/config_client.go:112","msg":"logDir:</Users/oz/code/ringkol/ai-rag-demo/cmd/server/log>   cacheDir:</Users/oz/code/ringkol/ai-rag-demo/cmd/server/cache>"}
{"level":"INFO","time":"2026-07-23T11:01:18.451+0800","logger":"nacos","caller":"naming_client/naming_client.go:83","msg":"logDir:</Users/oz/code/ringkol/ai-rag-demo/cmd/server/log>   cacheDir:</Users/oz/code/ringkol/ai-rag-demo/cmd/server/cache>"}
{"level":"INFO","time":"2026-07-23T11:01:18.451+0800","logger":"nacos","caller":"logger/logging.go:41","msg":"udp server start, port: 55163"}
{"level":"ERROR","time":"2026-07-23T11:01:18.451+0800","logger":"nacos","caller":"logger/logging.go:51","msg":"read cacheDir:/Users/oz/code/ringkol/ai-rag-demo/cmd/server/cache/naming failed!err:open /Users/oz/code/ringkol/ai-rag-demo/cmd/server/cache/naming: no such file or directory"}
{"level":"INFO","time":"2026-07-23T11:01:18.452+0800","logger":"nacos","caller":"config_client/config_client.go:112","msg":"logDir:</Users/oz/code/ringkol/ai-rag-demo/cmd/server/log>   cacheDir:</Users/oz/code/ringkol/ai-rag-demo/cmd/server/cache>"}
{"level":"INFO","time":"2026-07-23T11:01:31.946+0800","logger":"nacos","caller":"naming_client/naming_client.go:83","msg":"logDir:</Users/oz/code/ringkol/ai-rag-demo/cmd/server/log>   cacheDir:</Users/oz/code/ringkol/ai-rag-demo/cmd/server/cache>"}
{"level":"INFO","time":"2026-07-23T11:01:31.947+0800","logger":"nacos","caller":"logger/logging.go:41","msg":"udp server start, port: 55041"}
{"level":"ERROR","time":"2026-07-23T11:01:31.947+0800","logger":"nacos","caller":"logger/logging.go:51","msg":"read cacheDir:/Users/oz/code/ringkol/ai-rag-demo/cmd/server/cache/naming failed!err:open /Users/oz/code/ringkol/ai-rag-demo/cmd/server/cache/naming: no such file or directory"}
{"level":"INFO","time":"2026-07-23T11:01:31.947+0800","logger":"nacos","caller":"config_client/config_client.go:112","msg":"logDir:</Users/oz/code/ringkol/ai-rag-demo/cmd/server/log>   cacheDir:</Users/oz/code/ringkol/ai-rag-demo/cmd/server/cache>"}
{"level":"INFO","time":"2026-07-23T11:20:04.188+0800","logger":"nacos","caller":"naming_client/naming_client.go:83","msg":"logDir:</Users/oz/code/ringkol/ai-rag-demo/cmd/server/log>   cacheDir:</Users/oz/code/ringkol/ai-rag-demo/cmd/server/cache>"}
{"level":"INFO","time":"2026-07-23T11:20:04.188+0800","logger":"nacos","caller":"logger/logging.go:41","msg":"udp server start, port: 55701"}
{"level":"ERROR","time":"2026-07-23T11:20:04.188+0800","logger":"nacos","caller":"logger/logging.go:51","msg":"read cacheDir:/Users/oz/code/ringkol/ai-rag-demo/cmd/server/cache/naming failed!err:open /Users/oz/code/ringkol/ai-rag-demo/cmd/server/cache/naming: no such file or directory"}
{"level":"INFO","time":"2026-07-23T11:20:04.189+0800","logger":"nacos","caller":"config_client/config_client.go:112","msg":"logDir:</Users/oz/code/ringkol/ai-rag-demo/cmd/server/log>   cacheDir:</Users/oz/code/ringkol/ai-rag-demo/cmd/server/cache>"}
{"level":"INFO","time":"2026-07-23T11:23:43.950+0800","logger":"nacos","caller":"naming_client/naming_client.go:83","msg":"logDir:</Users/oz/code/ringkol/ai-rag-demo/cmd/server/log>   cacheDir:</Users/oz/code/ringkol/ai-rag-demo/cmd/server/cache>"}
{"level":"INFO","time":"2026-07-23T11:23:43.951+0800","logger":"nacos","caller":"logger/logging.go:41","msg":"udp server start, port: 55454"}
{"level":"ERROR","time":"2026-07-23T11:23:43.951+0800","logger":"nacos","caller":"logger/logging.go:51","msg":"read cacheDir:/Users/oz/code/ringkol/ai-rag-demo/cmd/server/cache/naming failed!err:open /Users/oz/code/ringkol/ai-rag-demo/cmd/server/cache/naming: no such file or directory"}
{"level":"INFO","time":"2026-07-23T11:23:43.951+0800","logger":"nacos","caller":"config_client/config_client.go:112","msg":"logDir:</Users/oz/code/ringkol/ai-rag-demo/cmd/server/log>   cacheDir:</Users/oz/code/ringkol/ai-rag-demo/cmd/server/cache>"}
{"level":"INFO","time":"2026-07-23T13:53:53.683+0800","logger":"nacos","caller":"naming_client/naming_client.go:83","msg":"logDir:</Users/oz/code/ringkol/ai-rag-demo/cmd/server/log>   cacheDir:</Users/oz/code/ringkol/ai-rag-demo/cmd/server/cache>"}
{"level":"INFO","time":"2026-07-23T13:53:53.684+0800","logger":"nacos","caller":"logger/logging.go:41","msg":"udp server start, port: 55386"}
{"level":"ERROR","time":"2026-07-23T13:53:53.684+0800","logger":"nacos","caller":"logger/logging.go:51","msg":"read cacheDir:/Users/oz/code/ringkol/ai-rag-demo/cmd/server/cache/naming failed!err:open /Users/oz/code/ringkol/ai-rag-demo/cmd/server/cache/naming: no such file or directory"}
{"level":"INFO","time":"2026-07-23T13:53:53.684+0800","logger":"nacos","caller":"config_client/config_client.go:112","msg":"logDir:</Users/oz/code/ringkol/ai-rag-demo/cmd/server/log>   cacheDir:</Users/oz/code/ringkol/ai-rag-demo/cmd/server/cache>"}
{"level":"INFO","time":"2026-07-23T14:03:54.601+0800","logger":"nacos","caller":"naming_client/naming_client.go:83","msg":"logDir:</Users/oz/code/ringkol/ai-rag-demo/cmd/server/log>   cacheDir:</Users/oz/code/ringkol/ai-rag-demo/cmd/server/cache>"}
{"level":"INFO","time":"2026-07-23T14:03:54.602+0800","logger":"nacos","caller":"logger/logging.go:41","msg":"udp server start, port: 54968"}
{"level":"ERROR","time":"2026-07-23T14:03:54.602+0800","logger":"nacos","caller":"logger/logging.go:51","msg":"read cacheDir:/Users/oz/code/ringkol/ai-rag-demo/cmd/server/cache/naming failed!err:open /Users/oz/code/ringkol/ai-rag-demo/cmd/server/cache/naming: no such file or directory"}
{"level":"INFO","time":"2026-07-23T14:03:54.602+0800","logger":"nacos","caller":"config_client/config_client.go:112","msg":"logDir:</Users/oz/code/ringkol/ai-rag-demo/cmd/server/log>   cacheDir:</Users/oz/code/ringkol/ai-rag-demo/cmd/server/cache>"}
{"level":"INFO","time":"2026-07-23T14:14:17.782+0800","logger":"nacos","caller":"naming_client/naming_client.go:83","msg":"logDir:</Users/oz/code/ringkol/ai-rag-demo/cmd/server/log>   cacheDir:</Users/oz/code/ringkol/ai-rag-demo/cmd/server/cache>"}
{"level":"INFO","time":"2026-07-23T14:14:17.783+0800","logger":"nacos","caller":"logger/logging.go:41","msg":"udp server start, port: 55321"}
{"level":"ERROR","time":"2026-07-23T14:14:17.783+0800","logger":"nacos","caller":"logger/logging.go:51","msg":"read cacheDir:/Users/oz/code/ringkol/ai-rag-demo/cmd/server/cache/naming failed!err:open /Users/oz/code/ringkol/ai-rag-demo/cmd/server/cache/naming: no such file or directory"}
{"level":"INFO","time":"2026-07-23T14:14:17.783+0800","logger":"nacos","caller":"config_client/config_client.go:112","msg":"logDir:</Users/oz/code/ringkol/ai-rag-demo/cmd/server/log>   cacheDir:</Users/oz/code/ringkol/ai-rag-demo/cmd/server/cache>"}
{"level":"INFO","time":"2026-07-24T13:50:52.109+0800","logger":"nacos","caller":"naming_client/naming_client.go:83","msg":"logDir:</Users/oz/code/ringkol/api-rag-demo/cmd/server/log>   cacheDir:</Users/oz/code/ringkol/api-rag-demo/cmd/server/cache>"}
{"level":"INFO","time":"2026-07-24T13:50:52.109+0800","logger":"nacos","caller":"logger/logging.go:41","msg":"udp server start, port: 55084"}
{"level":"ERROR","time":"2026-07-24T13:50:52.109+0800","logger":"nacos","caller":"logger/logging.go:51","msg":"read cacheDir:/Users/oz/code/ringkol/api-rag-demo/cmd/server/cache/naming failed!err:open /Users/oz/code/ringkol/api-rag-demo/cmd/server/cache/naming: no such file or directory"}
{"level":"INFO","time":"2026-07-24T13:50:52.110+0800","logger":"nacos","caller":"config_client/config_client.go:112","msg":"logDir:</Users/oz/code/ringkol/api-rag-demo/cmd/server/log>   cacheDir:</Users/oz/code/ringkol/api-rag-demo/cmd/server/cache>"}
